2026-09-30 13:53:28,264 [INFO] Activator:176 - 


2026-09-30 13:53:28,280 [INFO] Activator:177 - !SESSION log4j initialized
2026-09-30 13:53:33,781 [INFO] LogOutputStream:77 - [STDOUT_REDIRECT] 
2026-09-30 13:53:35,348 [INFO] ApplicationProperties:184 - Using Application install path: C:\ST\STM32CubeIDE_1.19.0\STM32CubeIDE\plugins\com.st.stm32cube.common.mx_6.15.0.202507011659
2026-09-30 13:53:35,363 [INFO] DbMcusXml:78 - Set database path to: C:\ST\STM32CubeIDE_1.19.0\STM32CubeIDE\plugins\com.st.stm32cube.common.mx_6.15.0.202507011659\\db\/mcu/
2026-09-30 13:53:35,363 [INFO] ApiDb:274 - Set plugin database path to: C:\ST\STM32CubeIDE_1.19.0\STM32CubeIDE\plugins\com.st.stm32cube.common.mx_6.15.0.202507011659\\db\/plugins/boardmanager/
2026-09-30 13:53:35,363 [WARN] ApiDb:259 - Overriding images path with different value:  => C:\ST\STM32CubeIDE_1.19.0\STM32CubeIDE\plugins\com.st.stm32cube.common.mx_6.15.0.202507011659\\db\/plugins/mcufinder/images/
2026-09-30 13:53:35,379 [INFO] ApiDb:250 - Set database path to: C:\Users\CdH\.stmcufinder\plugins\mcufinder//mcu/
2026-09-30 13:53:35,379 [INFO] DbMcusAds:125 - Set database path to: C:\Users\CdH\.stmcufinder\plugins\mcufinder//mcu/
2026-09-30 13:53:35,379 [INFO] CrossReferenceDbSqlite:203 - Set database path to: C:\Users\CdH\.stmcufinder\plugins\mcufinder//mcu/cs/
2026-09-30 13:53:35,488 [INFO] RulesReader:64 - Compatibility file has been processed (317 Rules)
2026-09-30 13:53:35,582 [INFO] DbMcusXml:78 - Set database path to: C:\ST\STM32CubeIDE_1.19.0\STM32CubeIDE\plugins\com.st.stm32cube.common.mx_6.15.0.202507011659\\db\/mcu/
2026-09-30 13:53:35,582 [INFO] ApiDb:274 - Set plugin database path to: C:\ST\STM32CubeIDE_1.19.0\STM32CubeIDE\plugins\com.st.stm32cube.common.mx_6.15.0.202507011659\\db\/plugins/boardmanager/
2026-09-30 13:53:35,582 [INFO] ApiDb:261 - Set plugin images path to: C:\ST\STM32CubeIDE_1.19.0\STM32CubeIDE\plugins\com.st.stm32cube.common.mx_6.15.0.202507011659\\db\/plugins/mcufinder/images/
2026-09-30 13:53:35,582 [WARN] DbFile:41 - Overriding database path with different value: C:\Users\CdH\.stmcufinder\plugins\mcufinder/ => C:\Users\CdH\.stmcufinder\plugins\mcufinder
2026-09-30 13:53:35,582 [INFO] ApiDb:250 - Set database path to: C:\Users\CdH\.stmcufinder\plugins\mcufinder//mcu/
2026-09-30 13:53:35,582 [WARN] DbFile:41 - Overriding database path with different value: C:\Users\CdH\.stmcufinder\plugins\mcufinder/ => C:\Users\CdH\.stmcufinder\plugins\mcufinder
2026-09-30 13:53:35,582 [INFO] DbMcusAds:125 - Set database path to: C:\Users\CdH\.stmcufinder\plugins\mcufinder//mcu/
2026-09-30 13:53:35,582 [WARN] DbFile:41 - Overriding database path with different value: C:\Users\CdH\.stmcufinder\plugins\mcufinder/ => C:\Users\CdH\.stmcufinder\plugins\mcufinder
2026-09-30 13:53:35,582 [WARN] DbFile:41 - Overriding database path with different value: C:\Users\CdH\.stmcufinder\plugins\mcufinder/ => C:\Users\CdH\.stmcufinder\plugins\mcufinder
2026-09-30 13:53:35,582 [INFO] CrossReferenceDbSqlite:203 - Set database path to: C:\Users\CdH\.stmcufinder\plugins\mcufinder//mcu/cs/
2026-09-30 13:53:35,660 [INFO] MainPanel:274 - HeapMemory: 268435456
2026-09-30 13:53:35,785 [INFO] DbMcusXml:78 - Set database path to: C:\ST\STM32CubeIDE_1.19.0\STM32CubeIDE\plugins\com.st.stm32cube.common.mx_6.15.0.202507011659\\db\/mcu/
2026-09-30 13:53:35,785 [INFO] ApiDb:274 - Set plugin database path to: C:\ST\STM32CubeIDE_1.19.0\STM32CubeIDE\plugins\com.st.stm32cube.common.mx_6.15.0.202507011659\\db\/plugins/boardmanager/
2026-09-30 13:53:35,785 [INFO] ApiDb:261 - Set plugin images path to: C:\ST\STM32CubeIDE_1.19.0\STM32CubeIDE\plugins\com.st.stm32cube.common.mx_6.15.0.202507011659\\db\/plugins/mcufinder/images/
2026-09-30 13:53:35,785 [WARN] DbFile:41 - Overriding database path with different value: C:\Users\CdH\.stmcufinder\plugins\mcufinder/ => C:\Users\CdH\.stmcufinder\plugins\mcufinder
2026-09-30 13:53:35,785 [INFO] ApiDb:250 - Set database path to: C:\Users\CdH\.stmcufinder\plugins\mcufinder//mcu/
2026-09-30 13:53:35,785 [WARN] DbFile:41 - Overriding database path with different value: C:\Users\CdH\.stmcufinder\plugins\mcufinder/ => C:\Users\CdH\.stmcufinder\plugins\mcufinder
2026-09-30 13:53:35,785 [INFO] DbMcusAds:125 - Set database path to: C:\Users\CdH\.stmcufinder\plugins\mcufinder//mcu/
2026-09-30 13:53:35,785 [WARN] DbFile:41 - Overriding database path with different value: C:\Users\CdH\.stmcufinder\plugins\mcufinder/ => C:\Users\CdH\.stmcufinder\plugins\mcufinder
2026-09-30 13:53:35,785 [WARN] DbFile:41 - Overriding database path with different value: C:\Users\CdH\.stmcufinder\plugins\mcufinder/ => C:\Users\CdH\.stmcufinder\plugins\mcufinder
2026-09-30 13:53:35,785 [INFO] CrossReferenceDbSqlite:203 - Set database path to: C:\Users\CdH\.stmcufinder\plugins\mcufinder//mcu/cs/
2026-09-30 13:53:35,801 [INFO] ApplicationProperties:184 - Using Application install path: C:\ST\STM32CubeIDE_1.19.0\STM32CubeIDE\plugins\com.st.stm32cube.common.mx_6.15.0.202507011659
2026-09-30 13:53:35,801 [INFO] PluginManage:196 - Search for loadable plugins [exclusion list=, ]
2026-09-30 13:53:35,816 [INFO] PluginManage:310 - Check plugin analytics
2026-09-30 13:53:36,004 [INFO] AnalyticsPlugin:253 - Accepted Software Licenses: 
2026-09-30 13:53:36,004 [INFO] AnalyticsPlugin:255 - Accepted CMSIS Pack Licenses: 
2026-09-30 13:53:36,004 [INFO] AnalyticsPlugin:257 - Accepted Firmware Licenses: FW.F4.1.27.0
2026-09-30 13:53:36,004 [INFO] PluginManage:359 - Loaded plugin analytics (category:tool,tabindex:-1)
2026-09-30 13:53:36,004 [INFO] PluginManage:310 - Check plugin cadmodel
2026-09-30 13:53:36,019 [INFO] CADModel:105 - Init CAD model plugin
2026-09-30 13:53:36,019 [INFO] PluginManage:359 - Loaded plugin cadmodel (category:power,tabindex:5)
2026-09-30 13:53:36,019 [INFO] PluginManage:310 - Check plugin clock
2026-09-30 13:53:36,019 [INFO] PluginManage:359 - Loaded plugin clock (category:base,tabindex:2)
2026-09-30 13:53:36,019 [INFO] PluginManage:310 - Check plugin ddr
2026-09-30 13:53:36,019 [INFO] PluginManage:359 - Loaded plugin ddr (category:tool,tabindex:6)
2026-09-30 13:53:36,019 [INFO] PluginManage:310 - Check plugin filemanager
2026-09-30 13:53:36,160 [INFO] PluginManage:359 - Loaded plugin filemanager (category:base,tabindex:10)
2026-09-30 13:53:36,160 [INFO] PluginManage:310 - Check plugin ipmanager
2026-09-30 13:53:36,185 [INFO] PluginManage:359 - Loaded plugin ipmanager (category:base,tabindex:5)
2026-09-30 13:53:36,185 [INFO] PluginManage:310 - Check plugin lpbam
2026-09-30 13:53:36,185 [INFO] PluginManage:359 - Loaded plugin lpbam (category:base,tabindex:0)
2026-09-30 13:53:36,185 [INFO] PluginManage:310 - Check plugin memorymap
2026-09-30 13:53:36,201 [INFO] PluginManage:359 - Loaded plugin memorymap (category:base,tabindex:4)
2026-09-30 13:53:36,201 [INFO] PluginManage:310 - Check plugin pinoutandconfiguration
2026-09-30 13:53:36,216 [INFO] PluginManage:359 - Loaded plugin pinoutandconfiguration (category:base,tabindex:1)
2026-09-30 13:53:36,216 [INFO] PluginManage:310 - Check plugin pinoutconfig
2026-09-30 13:53:36,310 [WARN] SupportedApi:132 - Cannot load RTOS API schema: s4s-elt-must-match.1: The content of 'definitions' must match (annotation?, (simpleType | complexType)?, (unique | key | keyref)*)). A problem was found starting at: attribute.
2026-09-30 13:53:36,466 [INFO] PluginManage:359 - Loaded plugin pinoutconfig (category:base,tabindex:0)
2026-09-30 13:53:36,466 [INFO] PluginManage:310 - Check plugin power
2026-09-30 13:53:36,482 [INFO] PluginManage:359 - Loaded plugin power (category:power,tabindex:4)
2026-09-30 13:53:36,482 [INFO] PluginManage:310 - Check plugin projectmanager
2026-09-30 13:53:36,497 [INFO] PluginManage:359 - Loaded plugin projectmanager (category:projectmanager,tabindex:4)
2026-09-30 13:53:36,497 [INFO] PluginManage:310 - Check plugin rif
2026-09-30 13:53:36,497 [INFO] PluginManage:359 - Loaded plugin rif (category:base,tabindex:3)
2026-09-30 13:53:36,497 [INFO] PluginManage:310 - Check plugin thirdparty
2026-09-30 13:53:36,638 [INFO] PluginManage:359 - Loaded plugin thirdparty (category:base,tabindex:-1)
2026-09-30 13:53:36,638 [WARN] IntegrityCheckThread:84 - waiting for thirdparty lock release [integrity check]
2026-09-30 13:53:36,638 [INFO] PluginManage:310 - Check plugin tools
2026-09-30 13:53:36,638 [INFO] IntegrityCheckThread:86 - entering critical section [integrity check]
2026-09-30 13:53:36,648 [INFO] ThirdPartyUpdaterWithRetryManager:70 - Updater plugin not ready yet. [1/15]
2026-09-30 13:53:36,648 [INFO] PluginManage:359 - Loaded plugin tools (category:base,tabindex:7)
2026-09-30 13:53:36,648 [INFO] PluginManage:310 - Check plugin tutovideos
2026-09-30 13:53:36,866 [INFO] PluginManage:359 - Loaded plugin tutovideos (category:base,tabindex:-1)
2026-09-30 13:53:36,866 [INFO] PluginManage:310 - Check plugin updater
2026-09-30 13:53:36,882 [INFO] PluginManage:359 - Loaded plugin updater (category:base,tabindex:12)
2026-09-30 13:53:36,882 [INFO] PluginManage:310 - Check plugin userauth
2026-09-30 13:53:36,898 [INFO] UserAuth:118 - Init User Auth plugin
2026-09-30 13:53:36,898 [INFO] PluginManage:359 - Loaded plugin userauth (category:base,tabindex:14)
2026-09-30 13:53:36,898 [INFO] PluginManage:283 - PluginManage : Loaded plugins [18]
2026-09-30 13:53:37,080 [INFO] PinOutPanel:1589 - setPackage(No Configuration,No Configuration)
2026-09-30 13:53:37,158 [INFO] CADModel:165 - CPN selected for project level
2026-09-30 13:53:37,158 [INFO] CADModel:114 - Register for checkConnection events
2026-09-30 13:53:37,174 [INFO] IPUIPlugin:80 - create IPUIPlugin
2026-09-30 13:53:37,174 [INFO] PluginManager:220 - loadIPPluginJar : add adc
2026-09-30 13:53:37,174 [INFO] IPUIPlugin:80 - create IPUIPlugin
2026-09-30 13:53:37,174 [INFO] PluginManager:220 - loadIPPluginJar : add aes
2026-09-30 13:53:37,190 [INFO] IPUIPlugin:80 - create IPUIPlugin
2026-09-30 13:53:37,190 [INFO] PluginManager:220 - loadIPPluginJar : add can
2026-09-30 13:53:37,190 [INFO] IPUIPlugin:80 - create IPUIPlugin
2026-09-30 13:53:37,190 [INFO] PluginManager:220 - loadIPPluginJar : add comp
2026-09-30 13:53:37,190 [INFO] IPUIPlugin:80 - create IPUIPlugin
2026-09-30 13:53:37,190 [INFO] PluginManager:220 - loadIPPluginJar : add cryp
2026-09-30 13:53:37,190 [INFO] IPUIPlugin:80 - create IPUIPlugin
2026-09-30 13:53:37,190 [INFO] PluginManager:220 - loadIPPluginJar : add ddr_ctrl_phy
2026-09-30 13:53:37,190 [INFO] IPUIPlugin:80 - create IPUIPlugin
2026-09-30 13:53:37,190 [INFO] PluginManager:220 - loadIPPluginJar : add dfsdm
2026-09-30 13:53:37,205 [INFO] IPUIPlugin:80 - create IPUIPlugin
2026-09-30 13:53:37,205 [INFO] PluginManager:220 - loadIPPluginJar : add dma
2026-09-30 13:53:37,205 [INFO] IPUIPlugin:80 - create IPUIPlugin
2026-09-30 13:53:37,205 [INFO] PluginManager:220 - loadIPPluginJar : add dma3
2026-09-30 13:53:37,205 [INFO] IPUIPlugin:80 - create IPUIPlugin
2026-09-30 13:53:37,205 [INFO] PluginManager:220 - loadIPPluginJar : add extmemmanager
2026-09-30 13:53:37,205 [INFO] IPUIPlugin:80 - create IPUIPlugin
2026-09-30 13:53:37,205 [INFO] PluginManager:220 - loadIPPluginJar : add fatfs
2026-09-30 13:53:37,205 [INFO] IPUIPlugin:80 - create IPUIPlugin
2026-09-30 13:53:37,205 [INFO] PluginManager:220 - loadIPPluginJar : add fmc
2026-09-30 13:53:37,221 [INFO] IPUIPlugin:80 - create IPUIPlugin
2026-09-30 13:53:37,221 [INFO] PluginManager:220 - loadIPPluginJar : add freertos
2026-09-30 13:53:37,221 [INFO] IPUIPlugin:80 - create IPUIPlugin
2026-09-30 13:53:37,221 [INFO] PluginManager:220 - loadIPPluginJar : add genericplugin
2026-09-30 13:53:37,221 [INFO] IPUIPlugin:80 - create IPUIPlugin
2026-09-30 13:53:37,221 [INFO] PluginManager:220 - loadIPPluginJar : add gfxmmu
2026-09-30 13:53:37,221 [INFO] IPUIPlugin:80 - create IPUIPlugin
2026-09-30 13:53:37,221 [INFO] PluginManager:220 - loadIPPluginJar : add gic
2026-09-30 13:53:37,236 [INFO] IPUIPlugin:80 - create IPUIPlugin
2026-09-30 13:53:37,236 [INFO] PluginManager:220 - loadIPPluginJar : add gpio
2026-09-30 13:53:37,236 [INFO] IPUIPlugin:80 - create IPUIPlugin
2026-09-30 13:53:37,236 [INFO] PluginManager:220 - loadIPPluginJar : add gtzc
2026-09-30 13:53:37,236 [INFO] IPUIPlugin:80 - create IPUIPlugin
2026-09-30 13:53:37,236 [INFO] PluginManager:220 - loadIPPluginJar : add hash
2026-09-30 13:53:37,236 [INFO] IPUIPlugin:80 - create IPUIPlugin
2026-09-30 13:53:37,236 [INFO] PluginManager:220 - loadIPPluginJar : add i2c
2026-09-30 13:53:37,236 [INFO] IPUIPlugin:80 - create IPUIPlugin
2026-09-30 13:53:37,236 [INFO] PluginManager:220 - loadIPPluginJar : add i2s
2026-09-30 13:53:37,252 [INFO] IPUIPlugin:80 - create IPUIPlugin
2026-09-30 13:53:37,252 [INFO] PluginManager:220 - loadIPPluginJar : add i3c
2026-09-30 13:53:37,252 [INFO] IPUIPlugin:80 - create IPUIPlugin
2026-09-30 13:53:37,252 [INFO] PluginManager:220 - loadIPPluginJar : add ipddr
2026-09-30 13:53:37,252 [INFO] IPUIPlugin:80 - create IPUIPlugin
2026-09-30 13:53:37,252 [INFO] PluginManager:220 - loadIPPluginJar : add linkedlist
2026-09-30 13:53:37,252 [INFO] IPUIPlugin:80 - create IPUIPlugin
2026-09-30 13:53:37,252 [INFO] PluginManager:220 - loadIPPluginJar : add lorawan
2026-09-30 13:53:37,268 [INFO] IPUIPlugin:80 - create IPUIPlugin
2026-09-30 13:53:37,268 [INFO] PluginManager:220 - loadIPPluginJar : add ltdc
2026-09-30 13:53:37,268 [INFO] IPUIPlugin:80 - create IPUIPlugin
2026-09-30 13:53:37,268 [INFO] PluginManager:220 - loadIPPluginJar : add mdma
2026-09-30 13:53:37,268 [INFO] IPUIPlugin:80 - create IPUIPlugin
2026-09-30 13:53:37,268 [INFO] PluginManager:220 - loadIPPluginJar : add nvic
2026-09-30 13:53:37,268 [INFO] IPUIPlugin:80 - create IPUIPlugin
2026-09-30 13:53:37,268 [INFO] PluginManager:220 - loadIPPluginJar : add opamp
2026-09-30 13:53:37,268 [INFO] IPUIPlugin:80 - create IPUIPlugin
2026-09-30 13:53:37,268 [INFO] PluginManager:220 - loadIPPluginJar : add openamp
2026-09-30 13:53:37,283 [INFO] IPUIPlugin:80 - create IPUIPlugin
2026-09-30 13:53:37,283 [INFO] PluginManager:220 - loadIPPluginJar : add pdm2pcm
2026-09-30 13:53:37,283 [INFO] IPUIPlugin:80 - create IPUIPlugin
2026-09-30 13:53:37,283 [INFO] PluginManager:220 - loadIPPluginJar : add plateformsettings
2026-09-30 13:53:37,283 [INFO] IPUIPlugin:80 - create IPUIPlugin
2026-09-30 13:53:37,283 [INFO] PluginManager:220 - loadIPPluginJar : add quadspi
2026-09-30 13:53:37,283 [INFO] IPUIPlugin:80 - create IPUIPlugin
2026-09-30 13:53:37,283 [INFO] PluginManager:220 - loadIPPluginJar : add radio
2026-09-30 13:53:37,299 [INFO] IPUIPlugin:80 - create IPUIPlugin
2026-09-30 13:53:37,299 [INFO] PluginManager:220 - loadIPPluginJar : add resmgrutility
2026-09-30 13:53:37,299 [INFO] IPUIPlugin:80 - create IPUIPlugin
2026-09-30 13:53:37,299 [INFO] PluginManager:220 - loadIPPluginJar : add sai
2026-09-30 13:53:37,299 [INFO] IPUIPlugin:80 - create IPUIPlugin
2026-09-30 13:53:37,299 [INFO] PluginManager:220 - loadIPPluginJar : add spi
2026-09-30 13:53:37,315 [INFO] IPUIPlugin:80 - create IPUIPlugin
2026-09-30 13:53:37,315 [INFO] PluginManager:220 - loadIPPluginJar : add stm32_wpan
2026-09-30 13:53:37,315 [INFO] IPUIPlugin:80 - create IPUIPlugin
2026-09-30 13:53:37,315 [INFO] PluginManager:220 - loadIPPluginJar : add tim
2026-09-30 13:53:37,315 [INFO] IPUIPlugin:80 - create IPUIPlugin
2026-09-30 13:53:37,315 [INFO] PluginManager:220 - loadIPPluginJar : add touchsensing
2026-09-30 13:53:37,315 [INFO] IPUIPlugin:80 - create IPUIPlugin
2026-09-30 13:53:37,315 [INFO] PluginManager:220 - loadIPPluginJar : add tracer_emb
2026-09-30 13:53:37,315 [INFO] IPUIPlugin:80 - create IPUIPlugin
2026-09-30 13:53:37,315 [INFO] PluginManager:220 - loadIPPluginJar : add ts
2026-09-30 13:53:37,315 [INFO] IPUIPlugin:80 - create IPUIPlugin
2026-09-30 13:53:37,315 [INFO] PluginManager:220 - loadIPPluginJar : add tsc
2026-09-30 13:53:37,315 [INFO] IPUIPlugin:80 - create IPUIPlugin
2026-09-30 13:53:37,315 [INFO] PluginManager:220 - loadIPPluginJar : add ucpd
2026-09-30 13:53:37,330 [INFO] IPUIPlugin:80 - create IPUIPlugin
2026-09-30 13:53:37,330 [INFO] PluginManager:220 - loadIPPluginJar : add usart
2026-09-30 13:53:37,330 [INFO] IPUIPlugin:80 - create IPUIPlugin
2026-09-30 13:53:37,330 [INFO] PluginManager:220 - loadIPPluginJar : add usbx
2026-09-30 13:53:37,454 [FATAL] Updater:351 - Updater called before beeing initialized
2026-09-30 13:53:37,469 [INFO] RulesReader:64 - Compatibility file has been processed (317 Rules)
2026-09-30 13:53:37,485 [INFO] RulesReader:64 - Compatibility file has been processed (317 Rules)
2026-09-30 13:53:37,500 [INFO] CADModel:165 - CPN selected for project level
2026-09-30 13:53:37,500 [INFO] CADModel:114 - Register for checkConnection events
2026-09-30 13:53:37,500 [FATAL] Updater:351 - Updater called before beeing initialized
2026-09-30 13:53:37,500 [ERROR] CADModel:125 - Updater not yet initialized, retry later 
2026-09-30 13:53:37,656 [FATAL] Updater:351 - Updater called before beeing initialized
2026-09-30 13:53:37,663 [INFO] CADModel:165 - CPN selected for project level
2026-09-30 13:53:37,663 [INFO] CADModel:114 - Register for checkConnection events
2026-09-30 13:53:37,663 [FATAL] Updater:351 - Updater called before beeing initialized
2026-09-30 13:53:37,663 [ERROR] CADModel:125 - Updater not yet initialized, retry later 
2026-09-30 13:53:37,663 [FATAL] Updater:351 - Updater called before beeing initialized
2026-09-30 13:53:37,781 [FATAL] Updater:351 - Updater called before beeing initialized
2026-09-30 13:53:37,781 [INFO] DbMcusAds:53 - JSON generation date=Thu Sep 30 03:55:09 BRT 2021 (1632984909247)
2026-09-30 13:53:37,781 [FATAL] Updater:351 - Updater called before beeing initialized
2026-09-30 13:53:37,828 [WARN] DetailPanel:346 - Failed to get advertising image, set to default
2026-09-30 13:53:37,906 [FATAL] Updater:351 - Updater called before beeing initialized
2026-09-30 13:53:37,906 [FATAL] Updater:351 - Updater called before beeing initialized
2026-09-30 13:53:37,906 [FATAL] Updater:351 - Updater called before beeing initialized
2026-09-30 13:53:37,906 [WARN] DetailPanel:346 - Failed to get advertising image, set to default
2026-09-30 13:53:37,906 [FATAL] Updater:351 - Updater called before beeing initialized
2026-09-30 13:53:37,957 [ERROR] Updater:1198 - MainUpdater not yet initialized. External WinMGr cannot be set.
2026-09-30 13:53:37,957 [INFO] Updater:1134 - Updater Version found : 6.15.0
2026-09-30 13:53:37,973 [INFO] ApplicationProperties:184 - Using Application install path: C:\ST\STM32CubeIDE_1.19.0\STM32CubeIDE\plugins\com.st.stm32cube.common.mx_6.15.0.202507011659
2026-09-30 13:53:39,602 [ERROR] LogOutputStream:75 - [STDERR_REDIRECT] Sep 30, 2026 1:53:39 PM java.util.prefs.WindowsPreferences <init>
2026-09-30 13:53:39,602 [ERROR] LogOutputStream:75 - [STDERR_REDIRECT] WARNING: Could not open/create prefs root node Software\JavaSoft\Prefs at root 0xffffffff80000002. Windows RegCreateKeyEx(...) returned error code 5.
2026-09-30 13:53:39,602 [ERROR] LogOutputStream:75 - [STDERR_REDIRECT] 
2026-09-30 13:53:39,649 [INFO] ThirdPartyUpdaterWithRetryManager:70 - Updater plugin not ready yet. [2/15]
2026-09-30 13:53:39,649 [INFO] MainUpdater:525 - Copy updater definitions from MX database
2026-09-30 13:53:39,946 [INFO] MainUpdater:2872 - connection check result : 10
2026-09-30 13:53:39,946 [INFO] MainUpdater:3604 - Updater definition file requires update
2026-09-30 13:53:39,946 [INFO] MainUpdater:289 - Updater Check For Update Now.
2026-09-30 13:53:39,946 [INFO] MicroXplorer:498 - Change Database Version : DB.6.0.150
2026-09-30 13:53:39,946 [INFO] McuFinderGlobals:63 - Set McuFinder mode to 2 (CubeIDE integrated)
2026-09-30 13:53:39,946 [INFO] UserAuth:171 - activating auth plugin
2026-09-30 13:53:39,956 [INFO] UserAuth:487 - Internet connection configuration mode: 1
2026-09-30 13:53:39,972 [INFO] JxBrowserEngine:152 - Initiate JxBrowser Engine with user profile folder
2026-09-30 13:53:40,018 [INFO] ServerAccessManage:452 - Complete download http(s) 200
2026-09-30 13:53:40,018 [INFO] ServerAccessManage:509 - Download File updaters.zip
2026-09-30 13:53:40,143 [INFO] FileExtend:248 - Unzip File : updaters.zip
2026-09-30 13:53:40,143 [INFO] FileExtend:263 - Standard Zip Deflate
2026-09-30 13:53:40,518 [INFO] ServerAccessManage:452 - Complete download http(s) 200
2026-09-30 13:53:40,518 [INFO] ServerAccessManage:509 - Download File PacksControlFlags.xml
2026-09-30 13:53:40,628 [INFO] ServerAccessManage:452 - Complete download http(s) 200
2026-09-30 13:53:40,628 [INFO] ServerAccessManage:509 - Download File cubemx.pidx
2026-09-30 13:53:40,737 [INFO] LoadServerUpdatesThread:375 - End of LoadServerUpdate Thread
2026-09-30 13:53:40,930 [INFO] CheckServerUpdateThread:120 - End of CheckServer Thread
2026-09-30 13:53:41,934 [INFO] WebApp:169 - Instantiating new browser for Auth
2026-09-30 13:53:42,700 [INFO] WebApp:463 - Apply proxy settings
2026-09-30 13:53:42,701 [INFO] WebApp:548 - Chromium requires no authentication
2026-09-30 13:53:42,703 [INFO] WebApp:491 - Direct internet connection detected
2026-09-30 13:53:42,748 [INFO] WebApp:900 - Register for checkConnection events
2026-09-30 13:53:42,748 [INFO] WebApp:463 - Apply proxy settings
2026-09-30 13:53:42,748 [INFO] WebApp:548 - Chromium requires no authentication
2026-09-30 13:53:42,748 [INFO] WebApp:491 - Direct internet connection detected
2026-09-30 13:53:42,835 [WARN] PackLoader:240 - Cannot read IP mode file for STMicroelectronics.X-CUBE-DISPLAY.3.0.0
2026-09-30 13:53:42,849 [WARN] PackLoader:240 - Cannot read IP mode file for STMicroelectronics.FP-SNS-SMARTAG2.1.2.0
2026-09-30 13:53:42,849 [WARN] PackLoader:240 - Cannot read IP mode file for STMicroelectronics.FP-SNS-FLIGHT1.5.1.0
2026-09-30 13:53:42,866 [WARN] PackLoader:240 - Cannot read IP mode file for STMicroelectronics.X-CUBE-BLE2.3.3.0
2026-09-30 13:53:42,866 [WARN] PackLoader:240 - Cannot read IP mode file for STMicroelectronics.X-CUBE-BLE1.7.1.0
2026-09-30 13:53:42,882 [WARN] PackLoader:240 - Cannot read IP mode file for STMicroelectronics.FP-ATR-SIGFOX1.3.2.0
2026-09-30 13:53:42,911 [WARN] PackLoader:240 - Cannot read IP mode file for STMicroelectronics.X-CUBE-DPower.1.3.0
2026-09-30 13:53:42,917 [WARN] PackLoader:240 - Cannot read IP mode file for STMicroelectronics.X-CUBE-ALS.1.0.2
2026-09-30 13:53:42,917 [INFO] ThirdParty:978 - Integrity check success = true
2026-09-30 13:53:42,917 [INFO] IntegrityCheckThread:100 - exiting critical section [integrity check]
2026-09-30 13:53:42,917 [INFO] IntegrityCheckThread:103 - End integrity checks thread
2026-09-30 13:53:43,078 [INFO] WebApp:191 - Connection restablished
2026-09-30 13:53:43,090 [INFO] WebApp:225 - Starting web application
2026-09-30 13:53:43,090 [INFO] WebApp:593 - Web application path used C:\ST\STM32CubeIDE_1.19.0\STM32CubeIDE\plugins\com.st.stm32cube.common.mx_6.15.0.202507011659\db\plugins\mcufinder\reactClient1\index.html
2026-09-30 19:45:14,920 [ERROR] LogOutputStream:75 - [STDERR_REDIRECT] 
2026-09-30 19:45:14,922 [ERROR] LogOutputStream:75 - [STDERR_REDIRECT] 
2026-09-30 19:45:58,300 [INFO] Activator:176 - 


2026-09-30 19:45:58,302 [INFO] Activator:177 - !SESSION log4j initialized
2026-09-30 19:46:04,493 [INFO] LogOutputStream:77 - [STDOUT_REDIRECT] 
2026-09-30 19:46:26,703 [ERROR] LogOutputStream:75 - [STDERR_REDIRECT] SLF4J: Failed to load class "org.slf4j.impl.StaticLoggerBinder".
2026-09-30 19:46:26,703 [ERROR] LogOutputStream:75 - [STDERR_REDIRECT] SLF4J: Defaulting to no-operation (NOP) logger implementation
2026-09-30 19:46:26,705 [ERROR] LogOutputStream:75 - [STDERR_REDIRECT] SLF4J: See http://www.slf4j.org/codes.html#StaticLoggerBinder for further details.
