2026-09-25 16:55:56,959 [INFO] Activator:176 - 


2026-09-25 16:55:56,965 [INFO] Activator:177 - !SESSION log4j initialized
2026-09-25 16:56:04,612 [INFO] LogOutputStream:77 - [STDOUT_REDIRECT] 
2026-09-25 16:56:06,202 [INFO] ApplicationProperties:184 - Using Application install path: C:\ST\STM32CubeIDE_1.19.0\STM32CubeIDE\plugins\com.st.stm32cube.common.mx_6.15.0.202507011659
2026-09-25 16:56:06,216 [INFO] DbMcusXml:78 - Set database path to: C:\ST\STM32CubeIDE_1.19.0\STM32CubeIDE\plugins\com.st.stm32cube.common.mx_6.15.0.202507011659\\db\/mcu/
2026-09-25 16:56:06,216 [INFO] ApiDb:274 - Set plugin database path to: C:\ST\STM32CubeIDE_1.19.0\STM32CubeIDE\plugins\com.st.stm32cube.common.mx_6.15.0.202507011659\\db\/plugins/boardmanager/
2026-09-25 16:56:06,216 [WARN] ApiDb:259 - Overriding images path with different value:  => C:\ST\STM32CubeIDE_1.19.0\STM32CubeIDE\plugins\com.st.stm32cube.common.mx_6.15.0.202507011659\\db\/plugins/mcufinder/images/
2026-09-25 16:56:06,224 [INFO] ApiDb:250 - Set database path to: C:\Users\CdH\.stmcufinder\plugins\mcufinder//mcu/
2026-09-25 16:56:06,226 [INFO] DbMcusAds:125 - Set database path to: C:\Users\CdH\.stmcufinder\plugins\mcufinder//mcu/
2026-09-25 16:56:06,231 [INFO] CrossReferenceDbSqlite:203 - Set database path to: C:\Users\CdH\.stmcufinder\plugins\mcufinder//mcu/cs/
2026-09-25 16:56:06,330 [INFO] DbMcusXml:78 - Set database path to: C:\ST\STM32CubeIDE_1.19.0\STM32CubeIDE\plugins\com.st.stm32cube.common.mx_6.15.0.202507011659\\db\/mcu/
2026-09-25 16:56:06,330 [INFO] ApiDb:274 - Set plugin database path to: C:\ST\STM32CubeIDE_1.19.0\STM32CubeIDE\plugins\com.st.stm32cube.common.mx_6.15.0.202507011659\\db\/plugins/boardmanager/
2026-09-25 16:56:06,330 [INFO] ApiDb:261 - Set plugin images path to: C:\ST\STM32CubeIDE_1.19.0\STM32CubeIDE\plugins\com.st.stm32cube.common.mx_6.15.0.202507011659\\db\/plugins/mcufinder/images/
2026-09-25 16:56:06,330 [WARN] DbFile:41 - Overriding database path with different value: C:\Users\CdH\.stmcufinder\plugins\mcufinder/ => C:\Users\CdH\.stmcufinder\plugins\mcufinder
2026-09-25 16:56:06,331 [INFO] ApiDb:250 - Set database path to: C:\Users\CdH\.stmcufinder\plugins\mcufinder//mcu/
2026-09-25 16:56:06,331 [WARN] DbFile:41 - Overriding database path with different value: C:\Users\CdH\.stmcufinder\plugins\mcufinder/ => C:\Users\CdH\.stmcufinder\plugins\mcufinder
2026-09-25 16:56:06,331 [INFO] DbMcusAds:125 - Set database path to: C:\Users\CdH\.stmcufinder\plugins\mcufinder//mcu/
2026-09-25 16:56:06,331 [WARN] DbFile:41 - Overriding database path with different value: C:\Users\CdH\.stmcufinder\plugins\mcufinder/ => C:\Users\CdH\.stmcufinder\plugins\mcufinder
2026-09-25 16:56:06,331 [WARN] DbFile:41 - Overriding database path with different value: C:\Users\CdH\.stmcufinder\plugins\mcufinder/ => C:\Users\CdH\.stmcufinder\plugins\mcufinder
2026-09-25 16:56:06,331 [INFO] CrossReferenceDbSqlite:203 - Set database path to: C:\Users\CdH\.stmcufinder\plugins\mcufinder//mcu/cs/
2026-09-25 16:56:06,437 [INFO] MainPanel:274 - HeapMemory: 268435456
2026-09-25 16:56:06,601 [INFO] DbMcusXml:78 - Set database path to: C:\ST\STM32CubeIDE_1.19.0\STM32CubeIDE\plugins\com.st.stm32cube.common.mx_6.15.0.202507011659\\db\/mcu/
2026-09-25 16:56:06,601 [INFO] ApiDb:274 - Set plugin database path to: C:\ST\STM32CubeIDE_1.19.0\STM32CubeIDE\plugins\com.st.stm32cube.common.mx_6.15.0.202507011659\\db\/plugins/boardmanager/
2026-09-25 16:56:06,601 [INFO] ApiDb:261 - Set plugin images path to: C:\ST\STM32CubeIDE_1.19.0\STM32CubeIDE\plugins\com.st.stm32cube.common.mx_6.15.0.202507011659\\db\/plugins/mcufinder/images/
2026-09-25 16:56:06,602 [WARN] DbFile:41 - Overriding database path with different value: C:\Users\CdH\.stmcufinder\plugins\mcufinder/ => C:\Users\CdH\.stmcufinder\plugins\mcufinder
2026-09-25 16:56:06,602 [INFO] ApiDb:250 - Set database path to: C:\Users\CdH\.stmcufinder\plugins\mcufinder//mcu/
2026-09-25 16:56:06,602 [WARN] DbFile:41 - Overriding database path with different value: C:\Users\CdH\.stmcufinder\plugins\mcufinder/ => C:\Users\CdH\.stmcufinder\plugins\mcufinder
2026-09-25 16:56:06,602 [INFO] DbMcusAds:125 - Set database path to: C:\Users\CdH\.stmcufinder\plugins\mcufinder//mcu/
2026-09-25 16:56:06,602 [WARN] DbFile:41 - Overriding database path with different value: C:\Users\CdH\.stmcufinder\plugins\mcufinder/ => C:\Users\CdH\.stmcufinder\plugins\mcufinder
2026-09-25 16:56:06,602 [WARN] DbFile:41 - Overriding database path with different value: C:\Users\CdH\.stmcufinder\plugins\mcufinder/ => C:\Users\CdH\.stmcufinder\plugins\mcufinder
2026-09-25 16:56:06,602 [INFO] CrossReferenceDbSqlite:203 - Set database path to: C:\Users\CdH\.stmcufinder\plugins\mcufinder//mcu/cs/
2026-09-25 16:56:06,627 [INFO] ApplicationProperties:184 - Using Application install path: C:\ST\STM32CubeIDE_1.19.0\STM32CubeIDE\plugins\com.st.stm32cube.common.mx_6.15.0.202507011659
2026-09-25 16:56:06,628 [INFO] PluginManage:196 - Search for loadable plugins [exclusion list=, ]
2026-09-25 16:56:06,631 [INFO] PluginManage:310 - Check plugin analytics
2026-09-25 16:56:06,942 [INFO] AnalyticsPlugin:253 - Accepted Software Licenses: 
2026-09-25 16:56:06,942 [INFO] AnalyticsPlugin:255 - Accepted CMSIS Pack Licenses: 
2026-09-25 16:56:06,942 [INFO] AnalyticsPlugin:257 - Accepted Firmware Licenses: 
2026-09-25 16:56:06,945 [INFO] PluginManage:359 - Loaded plugin analytics (category:tool,tabindex:-1)
2026-09-25 16:56:06,945 [INFO] PluginManage:310 - Check plugin cadmodel
2026-09-25 16:56:06,953 [INFO] CADModel:105 - Init CAD model plugin
2026-09-25 16:56:06,953 [INFO] PluginManage:359 - Loaded plugin cadmodel (category:power,tabindex:5)
2026-09-25 16:56:06,953 [INFO] PluginManage:310 - Check plugin clock
2026-09-25 16:56:06,968 [INFO] PluginManage:359 - Loaded plugin clock (category:base,tabindex:2)
2026-09-25 16:56:06,968 [INFO] PluginManage:310 - Check plugin ddr
2026-09-25 16:56:06,972 [INFO] PluginManage:359 - Loaded plugin ddr (category:tool,tabindex:6)
2026-09-25 16:56:06,972 [INFO] PluginManage:310 - Check plugin filemanager
2026-09-25 16:56:07,159 [INFO] PluginManage:359 - Loaded plugin filemanager (category:base,tabindex:10)
2026-09-25 16:56:07,159 [INFO] PluginManage:310 - Check plugin ipmanager
2026-09-25 16:56:07,167 [INFO] PluginManage:359 - Loaded plugin ipmanager (category:base,tabindex:5)
2026-09-25 16:56:07,167 [INFO] PluginManage:310 - Check plugin lpbam
2026-09-25 16:56:07,176 [INFO] PluginManage:359 - Loaded plugin lpbam (category:base,tabindex:0)
2026-09-25 16:56:07,176 [INFO] PluginManage:310 - Check plugin memorymap
2026-09-25 16:56:07,203 [INFO] PluginManage:359 - Loaded plugin memorymap (category:base,tabindex:4)
2026-09-25 16:56:07,204 [INFO] PluginManage:310 - Check plugin pinoutandconfiguration
2026-09-25 16:56:07,215 [INFO] PluginManage:359 - Loaded plugin pinoutandconfiguration (category:base,tabindex:1)
2026-09-25 16:56:07,216 [INFO] PluginManage:310 - Check plugin pinoutconfig
2026-09-25 16:56:07,330 [WARN] SupportedApi:132 - Cannot load RTOS API schema: s4s-elt-must-match.1: The content of 'definitions' must match (annotation?, (simpleType | complexType)?, (unique | key | keyref)*)). A problem was found starting at: attribute.
2026-09-25 16:56:07,527 [INFO] PluginManage:359 - Loaded plugin pinoutconfig (category:base,tabindex:0)
2026-09-25 16:56:07,527 [INFO] PluginManage:310 - Check plugin power
2026-09-25 16:56:07,541 [INFO] PluginManage:359 - Loaded plugin power (category:power,tabindex:4)
2026-09-25 16:56:07,541 [INFO] PluginManage:310 - Check plugin projectmanager
2026-09-25 16:56:07,559 [INFO] PluginManage:359 - Loaded plugin projectmanager (category:projectmanager,tabindex:4)
2026-09-25 16:56:07,559 [INFO] PluginManage:310 - Check plugin rif
2026-09-25 16:56:07,586 [INFO] PluginManage:359 - Loaded plugin rif (category:base,tabindex:3)
2026-09-25 16:56:07,586 [INFO] PluginManage:310 - Check plugin thirdparty
2026-09-25 16:56:07,765 [INFO] PluginManage:359 - Loaded plugin thirdparty (category:base,tabindex:-1)
2026-09-25 16:56:07,765 [WARN] IntegrityCheckThread:84 - waiting for thirdparty lock release [integrity check]
2026-09-25 16:56:07,766 [INFO] PluginManage:310 - Check plugin tools
2026-09-25 16:56:07,766 [INFO] IntegrityCheckThread:86 - entering critical section [integrity check]
2026-09-25 16:56:07,766 [INFO] ThirdPartyUpdaterWithRetryManager:70 - Updater plugin not ready yet. [1/15]
2026-09-25 16:56:07,770 [INFO] PluginManage:359 - Loaded plugin tools (category:base,tabindex:7)
2026-09-25 16:56:07,770 [INFO] PluginManage:310 - Check plugin tutovideos
2026-09-25 16:56:08,086 [INFO] PluginManage:359 - Loaded plugin tutovideos (category:base,tabindex:-1)
2026-09-25 16:56:08,086 [INFO] PluginManage:310 - Check plugin updater
2026-09-25 16:56:08,113 [INFO] PluginManage:359 - Loaded plugin updater (category:base,tabindex:12)
2026-09-25 16:56:08,113 [INFO] PluginManage:310 - Check plugin userauth
2026-09-25 16:56:08,118 [INFO] UserAuth:118 - Init User Auth plugin
2026-09-25 16:56:08,119 [INFO] PluginManage:359 - Loaded plugin userauth (category:base,tabindex:14)
2026-09-25 16:56:08,120 [INFO] PluginManage:283 - PluginManage : Loaded plugins [18]
2026-09-25 16:56:08,373 [INFO] PinOutPanel:1589 - setPackage(No Configuration,No Configuration)
2026-09-25 16:56:08,479 [INFO] CADModel:165 - CPN selected for project level
2026-09-25 16:56:08,479 [INFO] CADModel:114 - Register for checkConnection events
2026-09-25 16:56:08,502 [INFO] IPUIPlugin:80 - create IPUIPlugin
2026-09-25 16:56:08,502 [INFO] PluginManager:220 - loadIPPluginJar : add adc
2026-09-25 16:56:08,506 [INFO] IPUIPlugin:80 - create IPUIPlugin
2026-09-25 16:56:08,506 [INFO] PluginManager:220 - loadIPPluginJar : add aes
2026-09-25 16:56:08,510 [INFO] IPUIPlugin:80 - create IPUIPlugin
2026-09-25 16:56:08,510 [INFO] PluginManager:220 - loadIPPluginJar : add can
2026-09-25 16:56:08,512 [INFO] IPUIPlugin:80 - create IPUIPlugin
2026-09-25 16:56:08,512 [INFO] PluginManager:220 - loadIPPluginJar : add comp
2026-09-25 16:56:08,515 [INFO] IPUIPlugin:80 - create IPUIPlugin
2026-09-25 16:56:08,515 [INFO] PluginManager:220 - loadIPPluginJar : add cryp
2026-09-25 16:56:08,521 [INFO] IPUIPlugin:80 - create IPUIPlugin
2026-09-25 16:56:08,521 [INFO] PluginManager:220 - loadIPPluginJar : add ddr_ctrl_phy
2026-09-25 16:56:08,524 [INFO] IPUIPlugin:80 - create IPUIPlugin
2026-09-25 16:56:08,524 [INFO] PluginManager:220 - loadIPPluginJar : add dfsdm
2026-09-25 16:56:08,530 [INFO] IPUIPlugin:80 - create IPUIPlugin
2026-09-25 16:56:08,530 [INFO] PluginManager:220 - loadIPPluginJar : add dma
2026-09-25 16:56:08,534 [INFO] IPUIPlugin:80 - create IPUIPlugin
2026-09-25 16:56:08,534 [INFO] PluginManager:220 - loadIPPluginJar : add dma3
2026-09-25 16:56:08,537 [INFO] IPUIPlugin:80 - create IPUIPlugin
2026-09-25 16:56:08,537 [INFO] PluginManager:220 - loadIPPluginJar : add extmemmanager
2026-09-25 16:56:08,539 [INFO] IPUIPlugin:80 - create IPUIPlugin
2026-09-25 16:56:08,539 [INFO] PluginManager:220 - loadIPPluginJar : add fatfs
2026-09-25 16:56:08,544 [INFO] IPUIPlugin:80 - create IPUIPlugin
2026-09-25 16:56:08,544 [INFO] PluginManager:220 - loadIPPluginJar : add fmc
2026-09-25 16:56:08,552 [INFO] IPUIPlugin:80 - create IPUIPlugin
2026-09-25 16:56:08,553 [INFO] PluginManager:220 - loadIPPluginJar : add freertos
2026-09-25 16:56:08,554 [INFO] IPUIPlugin:80 - create IPUIPlugin
2026-09-25 16:56:08,555 [INFO] PluginManager:220 - loadIPPluginJar : add genericplugin
2026-09-25 16:56:08,557 [INFO] IPUIPlugin:80 - create IPUIPlugin
2026-09-25 16:56:08,557 [INFO] PluginManager:220 - loadIPPluginJar : add gfxmmu
2026-09-25 16:56:08,562 [INFO] IPUIPlugin:80 - create IPUIPlugin
2026-09-25 16:56:08,563 [INFO] PluginManager:220 - loadIPPluginJar : add gic
2026-09-25 16:56:08,568 [INFO] IPUIPlugin:80 - create IPUIPlugin
2026-09-25 16:56:08,568 [INFO] PluginManager:220 - loadIPPluginJar : add gpio
2026-09-25 16:56:08,571 [INFO] IPUIPlugin:80 - create IPUIPlugin
2026-09-25 16:56:08,572 [INFO] PluginManager:220 - loadIPPluginJar : add gtzc
2026-09-25 16:56:08,575 [INFO] IPUIPlugin:80 - create IPUIPlugin
2026-09-25 16:56:08,575 [INFO] PluginManager:220 - loadIPPluginJar : add hash
2026-09-25 16:56:08,579 [INFO] IPUIPlugin:80 - create IPUIPlugin
2026-09-25 16:56:08,579 [INFO] PluginManager:220 - loadIPPluginJar : add i2c
2026-09-25 16:56:08,582 [INFO] IPUIPlugin:80 - create IPUIPlugin
2026-09-25 16:56:08,582 [INFO] PluginManager:220 - loadIPPluginJar : add i2s
2026-09-25 16:56:08,586 [INFO] IPUIPlugin:80 - create IPUIPlugin
2026-09-25 16:56:08,586 [INFO] PluginManager:220 - loadIPPluginJar : add i3c
2026-09-25 16:56:08,591 [INFO] IPUIPlugin:80 - create IPUIPlugin
2026-09-25 16:56:08,591 [INFO] PluginManager:220 - loadIPPluginJar : add ipddr
2026-09-25 16:56:08,597 [INFO] IPUIPlugin:80 - create IPUIPlugin
2026-09-25 16:56:08,597 [INFO] PluginManager:220 - loadIPPluginJar : add linkedlist
2026-09-25 16:56:08,601 [INFO] IPUIPlugin:80 - create IPUIPlugin
2026-09-25 16:56:08,601 [INFO] PluginManager:220 - loadIPPluginJar : add lorawan
2026-09-25 16:56:08,603 [INFO] IPUIPlugin:80 - create IPUIPlugin
2026-09-25 16:56:08,603 [INFO] PluginManager:220 - loadIPPluginJar : add ltdc
2026-09-25 16:56:08,610 [INFO] IPUIPlugin:80 - create IPUIPlugin
2026-09-25 16:56:08,610 [INFO] PluginManager:220 - loadIPPluginJar : add mdma
2026-09-25 16:56:08,614 [INFO] IPUIPlugin:80 - create IPUIPlugin
2026-09-25 16:56:08,614 [INFO] PluginManager:220 - loadIPPluginJar : add nvic
2026-09-25 16:56:08,617 [INFO] IPUIPlugin:80 - create IPUIPlugin
2026-09-25 16:56:08,617 [INFO] PluginManager:220 - loadIPPluginJar : add opamp
2026-09-25 16:56:08,620 [INFO] IPUIPlugin:80 - create IPUIPlugin
2026-09-25 16:56:08,620 [INFO] PluginManager:220 - loadIPPluginJar : add openamp
2026-09-25 16:56:08,624 [INFO] IPUIPlugin:80 - create IPUIPlugin
2026-09-25 16:56:08,624 [INFO] PluginManager:220 - loadIPPluginJar : add pdm2pcm
2026-09-25 16:56:08,630 [INFO] IPUIPlugin:80 - create IPUIPlugin
2026-09-25 16:56:08,632 [INFO] PluginManager:220 - loadIPPluginJar : add plateformsettings
2026-09-25 16:56:08,634 [INFO] IPUIPlugin:80 - create IPUIPlugin
2026-09-25 16:56:08,634 [INFO] PluginManager:220 - loadIPPluginJar : add quadspi
2026-09-25 16:56:08,636 [INFO] IPUIPlugin:80 - create IPUIPlugin
2026-09-25 16:56:08,637 [INFO] PluginManager:220 - loadIPPluginJar : add radio
2026-09-25 16:56:08,643 [INFO] IPUIPlugin:80 - create IPUIPlugin
2026-09-25 16:56:08,644 [INFO] PluginManager:220 - loadIPPluginJar : add resmgrutility
2026-09-25 16:56:08,647 [INFO] IPUIPlugin:80 - create IPUIPlugin
2026-09-25 16:56:08,647 [INFO] PluginManager:220 - loadIPPluginJar : add sai
2026-09-25 16:56:08,649 [INFO] IPUIPlugin:80 - create IPUIPlugin
2026-09-25 16:56:08,649 [INFO] PluginManager:220 - loadIPPluginJar : add spi
2026-09-25 16:56:08,654 [INFO] IPUIPlugin:80 - create IPUIPlugin
2026-09-25 16:56:08,654 [INFO] PluginManager:220 - loadIPPluginJar : add stm32_wpan
2026-09-25 16:56:08,656 [INFO] IPUIPlugin:80 - create IPUIPlugin
2026-09-25 16:56:08,656 [INFO] PluginManager:220 - loadIPPluginJar : add tim
2026-09-25 16:56:08,659 [INFO] IPUIPlugin:80 - create IPUIPlugin
2026-09-25 16:56:08,659 [INFO] PluginManager:220 - loadIPPluginJar : add touchsensing
2026-09-25 16:56:08,661 [INFO] IPUIPlugin:80 - create IPUIPlugin
2026-09-25 16:56:08,661 [INFO] PluginManager:220 - loadIPPluginJar : add tracer_emb
2026-09-25 16:56:08,663 [INFO] IPUIPlugin:80 - create IPUIPlugin
2026-09-25 16:56:08,663 [INFO] PluginManager:220 - loadIPPluginJar : add ts
2026-09-25 16:56:08,665 [INFO] IPUIPlugin:80 - create IPUIPlugin
2026-09-25 16:56:08,665 [INFO] PluginManager:220 - loadIPPluginJar : add tsc
2026-09-25 16:56:08,667 [INFO] IPUIPlugin:80 - create IPUIPlugin
2026-09-25 16:56:08,667 [INFO] PluginManager:220 - loadIPPluginJar : add ucpd
2026-09-25 16:56:08,669 [INFO] IPUIPlugin:80 - create IPUIPlugin
2026-09-25 16:56:08,670 [INFO] PluginManager:220 - loadIPPluginJar : add usart
2026-09-25 16:56:08,673 [INFO] IPUIPlugin:80 - create IPUIPlugin
2026-09-25 16:56:08,673 [INFO] PluginManager:220 - loadIPPluginJar : add usbx
2026-09-25 16:56:08,800 [FATAL] Updater:351 - Updater called before beeing initialized
2026-09-25 16:56:08,921 [INFO] RulesReader:64 - Compatibility file has been processed (317 Rules)
2026-09-25 16:56:08,934 [INFO] RulesReader:64 - Compatibility file has been processed (317 Rules)
2026-09-25 16:56:08,943 [INFO] CADModel:165 - CPN selected for project level
2026-09-25 16:56:08,943 [INFO] CADModel:114 - Register for checkConnection events
2026-09-25 16:56:08,943 [FATAL] Updater:351 - Updater called before beeing initialized
2026-09-25 16:56:08,943 [ERROR] CADModel:125 - Updater not yet initialized, retry later 
2026-09-25 16:56:09,099 [FATAL] Updater:351 - Updater called before beeing initialized
2026-09-25 16:56:09,101 [INFO] CADModel:165 - CPN selected for project level
2026-09-25 16:56:09,101 [INFO] CADModel:114 - Register for checkConnection events
2026-09-25 16:56:09,102 [FATAL] Updater:351 - Updater called before beeing initialized
2026-09-25 16:56:09,102 [ERROR] CADModel:125 - Updater not yet initialized, retry later 
2026-09-25 16:56:09,104 [FATAL] Updater:351 - Updater called before beeing initialized
2026-09-25 16:56:09,227 [FATAL] Updater:351 - Updater called before beeing initialized
2026-09-25 16:56:09,231 [INFO] DbMcusAds:53 - JSON generation date=Thu Sep 30 03:55:09 BRT 2021 (1632984909247)
2026-09-25 16:56:09,231 [FATAL] Updater:351 - Updater called before beeing initialized
2026-09-25 16:56:09,268 [WARN] DetailPanel:346 - Failed to get advertising image, set to default
2026-09-25 16:56:09,353 [FATAL] Updater:351 - Updater called before beeing initialized
2026-09-25 16:56:09,354 [FATAL] Updater:351 - Updater called before beeing initialized
2026-09-25 16:56:09,354 [FATAL] Updater:351 - Updater called before beeing initialized
2026-09-25 16:56:09,355 [WARN] DetailPanel:346 - Failed to get advertising image, set to default
2026-09-25 16:56:09,355 [FATAL] Updater:351 - Updater called before beeing initialized
2026-09-25 16:56:09,403 [ERROR] Updater:1198 - MainUpdater not yet initialized. External WinMGr cannot be set.
2026-09-25 16:56:09,405 [INFO] Updater:1134 - Updater Version found : 6.15.0
2026-09-25 16:56:09,422 [INFO] ApplicationProperties:184 - Using Application install path: C:\ST\STM32CubeIDE_1.19.0\STM32CubeIDE\plugins\com.st.stm32cube.common.mx_6.15.0.202507011659
2026-09-25 16:56:10,768 [INFO] ThirdPartyUpdaterWithRetryManager:70 - Updater plugin not ready yet. [2/15]
2026-09-25 16:56:11,011 [ERROR] LogOutputStream:75 - [STDERR_REDIRECT] Sep 25, 2026 4:56:11 PM java.util.prefs.WindowsPreferences <init>
2026-09-25 16:56:11,036 [ERROR] LogOutputStream:75 - [STDERR_REDIRECT] WARNING: Could not open/create prefs root node Software\JavaSoft\Prefs at root 0xffffffff80000002. Windows RegCreateKeyEx(...) returned error code 5.
2026-09-25 16:56:11,036 [ERROR] LogOutputStream:75 - [STDERR_REDIRECT] 
2026-09-25 16:56:11,063 [INFO] MainUpdater:525 - Copy updater definitions from MX database
2026-09-25 16:56:11,259 [INFO] MainUpdater:2872 - connection check result : 10
2026-09-25 16:56:11,259 [INFO] MainUpdater:3604 - Updater definition file requires update
2026-09-25 16:56:11,260 [INFO] MainUpdater:289 - Updater Check For Update Now.
2026-09-25 16:56:11,260 [INFO] MicroXplorer:498 - Change Database Version : DB.6.0.150
2026-09-25 16:56:11,267 [INFO] McuFinderGlobals:63 - Set McuFinder mode to 2 (CubeIDE integrated)
2026-09-25 16:56:11,267 [INFO] UserAuth:171 - activating auth plugin
2026-09-25 16:56:11,269 [INFO] UserAuth:487 - Internet connection configuration mode: 1
2026-09-25 16:56:11,290 [INFO] JxBrowserEngine:152 - Initiate JxBrowser Engine with user profile folder
2026-09-25 16:56:11,436 [INFO] ServerAccessManage:452 - Complete download http(s) 200
2026-09-25 16:56:11,438 [INFO] ServerAccessManage:509 - Download File updaters.zip
2026-09-25 16:56:11,509 [INFO] FileExtend:248 - Unzip File : updaters.zip
2026-09-25 16:56:11,509 [INFO] FileExtend:263 - Standard Zip Deflate
2026-09-25 16:56:11,956 [INFO] ServerAccessManage:452 - Complete download http(s) 200
2026-09-25 16:56:11,956 [INFO] ServerAccessManage:509 - Download File PacksControlFlags.xml
2026-09-25 16:56:12,132 [INFO] ServerAccessManage:452 - Complete download http(s) 200
2026-09-25 16:56:12,133 [INFO] ServerAccessManage:509 - Download File cubemx.pidx
2026-09-25 16:56:12,860 [INFO] LoadServerUpdatesThread:375 - End of LoadServerUpdate Thread
2026-09-25 16:56:13,061 [INFO] CheckServerUpdateThread:120 - End of CheckServer Thread
2026-09-25 16:56:13,257 [INFO] WebApp:169 - Instantiating new browser for Auth
2026-09-25 16:56:13,953 [WARN] PackLoader:240 - Cannot read IP mode file for STMicroelectronics.X-CUBE-DISPLAY.3.0.0
2026-09-25 16:56:14,056 [WARN] PackLoader:240 - Cannot read IP mode file for STMicroelectronics.FP-SNS-SMARTAG2.1.2.0
2026-09-25 16:56:14,078 [WARN] PackLoader:240 - Cannot read IP mode file for STMicroelectronics.FP-SNS-FLIGHT1.5.1.0
2026-09-25 16:56:14,089 [WARN] PackLoader:240 - Cannot read IP mode file for STMicroelectronics.X-CUBE-BLE2.3.3.0
2026-09-25 16:56:14,098 [WARN] PackLoader:240 - Cannot read IP mode file for STMicroelectronics.X-CUBE-BLE1.7.1.0
2026-09-25 16:56:14,104 [WARN] PackLoader:240 - Cannot read IP mode file for STMicroelectronics.FP-ATR-SIGFOX1.3.2.0
2026-09-25 16:56:14,115 [WARN] PackLoader:240 - Cannot read IP mode file for STMicroelectronics.X-CUBE-DPower.1.3.0
2026-09-25 16:56:14,123 [WARN] PackLoader:240 - Cannot read IP mode file for STMicroelectronics.X-CUBE-ALS.1.0.2
2026-09-25 16:56:14,125 [INFO] ThirdParty:978 - Integrity check success = true
2026-09-25 16:56:14,125 [INFO] IntegrityCheckThread:100 - exiting critical section [integrity check]
2026-09-25 16:56:14,125 [INFO] IntegrityCheckThread:103 - End integrity checks thread
2026-09-25 16:56:14,258 [INFO] WebApp:463 - Apply proxy settings
2026-09-25 16:56:14,258 [INFO] WebApp:548 - Chromium requires no authentication
2026-09-25 16:56:14,268 [INFO] WebApp:491 - Direct internet connection detected
2026-09-25 16:56:14,298 [INFO] WebApp:900 - Register for checkConnection events
2026-09-25 16:56:14,298 [INFO] WebApp:463 - Apply proxy settings
2026-09-25 16:56:14,298 [INFO] WebApp:548 - Chromium requires no authentication
2026-09-25 16:56:14,299 [INFO] WebApp:491 - Direct internet connection detected
2026-09-25 16:56:14,643 [INFO] WebApp:191 - Connection restablished
2026-09-25 16:56:14,659 [INFO] WebApp:225 - Starting web application
2026-09-25 16:56:14,659 [INFO] WebApp:593 - Web application path used C:\ST\STM32CubeIDE_1.19.0\STM32CubeIDE\plugins\com.st.stm32cube.common.mx_6.15.0.202507011659\db\plugins\mcufinder\reactClient1\index.html
2026-09-25 16:56:25,091 [INFO] McuFinderGlobals:63 - Set McuFinder mode to 2 (CubeIDE integrated)
2026-09-25 16:56:25,096 [INFO] MainUpdater:2872 - connection check result : 10
2026-09-25 16:56:25,097 [INFO] MainUpdater:2872 - connection check result : 10
2026-09-25 16:56:25,128 [INFO] MicroXplorer:468 - Change Database Path : 
2026-09-25 16:56:25,129 [INFO] MicroXplorer:498 - Change Database Version : DB.6.0.150
2026-09-25 16:56:25,133 [WARN] ThirdParty:871 - waiting for thirdparty lock release [close project]
2026-09-25 16:56:25,133 [INFO] ThirdParty:873 - entering critical section [close project]
2026-09-25 16:56:25,134 [INFO] ThirdParty:883 - exiting critical section [close project]
2026-09-25 16:56:25,136 [INFO] PinOutPanel:1589 - setPackage(No Configuration,No Configuration)
2026-09-25 16:56:25,137 [INFO] UtilMem:75 - Begin LoadConfig() Used Memory: 266708576 Bytes (756023296)
2026-09-25 16:56:25,143 [INFO] MicroXplorer:468 - Change Database Path : C:/Users/CdH/.stm32cubemx/databases/DB.6.0.80/db/
2026-09-25 16:56:25,143 [INFO] MicroXplorer:498 - Change Database Version : DB.6.0.80
2026-09-25 16:59:44,396 [ERROR] LogOutputStream:75 - [STDERR_REDIRECT] 
